// Jest Snapshot v1, https://goo.gl/fbAQLP

exports[`SearchHitHead component should render with properties 1`] = `
<styled.div
  inverted={false}
>
  <div>
    <styled.div>
      <styled.h2>
        <a
          href="/datasets/123"
        >
          Test datasett
        </a>
      </styled.h2>
    </styled.div>
  </div>
</styled.div>
`;
