// Jest Snapshot v1, https://goo.gl/fbAQLP

exports[`should render InformationModelReference correctly 1`] = `
<div
  className="d-flex flex-column list-regular--item"
>
  <Link
    to="/informationModels/25fb4837-aef2-4a27-ad08-d2f72d693ab1"
  >
    RA-0554 Pris på juridisk tjenesteyting
  </Link>
</div>
`;

exports[`should render InformationModelReference correctly with no props 1`] = `""`;
