// Jest Snapshot v1, https://goo.gl/fbAQLP

exports[`should render ConceptComparePage correctly with conceptItem 1`] = `
<Router
  history={
    Object {
      "action": "POP",
      "block": [Function],
      "canGo": [Function],
      "createHref": [Function],
      "entries": Array [
        Object {
          "hash": "",
          "key": "8ndnk5",
          "pathname": "/",
          "search": "",
          "state": undefined,
        },
      ],
      "go": [Function],
      "goBack": [Function],
      "goForward": [Function],
      "index": 0,
      "length": 1,
      "listen": [Function],
      "location": Object {
        "hash": "",
        "key": "8ndnk5",
        "pathname": "/",
        "search": "",
        "state": undefined,
      },
      "push": [Function],
      "replace": [Function],
    }
  }
>
  <ConceptComparePage
    conceptsCompare={
      Object {
        "14": Object {
          "definition": Object {
            "sources": Array [
              Object {
                "referenceType": Object {
                  "code": "source",
                  "prefLabel": Object {
                    "en": "Source",
                    "nb": "Er avledet fra",
                    "nn": "Er avleda frå",
                  },
                  "uri": "dct:source",
                },
                "source": Object {
                  "prefLabel": Object {
                    "nb": "norsk label til url14",
                  },
                  "uri": "http://www.ee",
                },
              },
            ],
            "text": Object {
              "en": "engelsk definition14",
              "no": "norsk definitin14",
            },
          },
          "harvest": Object {
            "firstHarvested": "2018-11-12T08:13:43.584+0000",
            "lastHarvested": "2018-11-12T08:13:43.584+0000",
          },
          "harvestSourceUri": "testharvestsourceuri14",
          "id": "14",
          "prefLabel": Object {
            "en": "engelsk preflabel14",
            "no": "norsk preflabel14",
          },
          "publisher": Object {
            "orgPath": "/ba/be/bi/14",
            "prefLabel": Object {
              "en": "engelsk pub preflabel14",
              "no": "norsk pub preflabel14",
            },
          },
          "uri": "testuri14",
        },
        "19": Object {
          "definition": Object {
            "sources": Array [
              Object {
                "referenceType": Object {
                  "code": "source",
                  "prefLabel": Object {
                    "en": "Source",
                    "nb": "Er avledet fra",
                    "nn": "Er avleda frå",
                  },
                  "uri": "dct:source",
                },
                "source": Object {
                  "prefLabel": Object {
                    "nb": "norsk label til url19",
                  },
                  "uri": "http://www.ee",
                },
              },
            ],
            "text": Object {
              "en": "engelsk definition19",
              "no": "norsk definitin19",
            },
          },
          "harvest": Object {
            "firstHarvested": "2018-11-12T08:13:43.587+0000",
            "lastHarvested": "2018-11-12T08:13:43.587+0000",
          },
          "harvestSourceUri": "testharvestsourceuri19",
          "id": "19",
          "prefLabel": Object {
            "en": "engelsk preflabel19",
            "no": "norsk preflabel19",
          },
          "publisher": Object {
            "orgPath": "/ba/be/bi/19",
            "prefLabel": Object {
              "en": "engelsk pub preflabel19",
              "no": "norsk pub preflabel19",
            },
          },
          "uri": "testuri19",
        },
        "22": Object {
          "definition": Object {
            "sources": Array [
              Object {
                "referenceType": Object {
                  "code": "source",
                  "prefLabel": Object {
                    "en": "Source",
                    "nb": "Er avledet fra",
                    "nn": "Er avleda frå",
                  },
                  "uri": "dct:source",
                },
                "source": Object {
                  "prefLabel": Object {
                    "nb": "norsk label til url22",
                  },
                  "uri": "http://www.ee",
                },
              },
            ],
            "text": Object {
              "en": "engelsk definition22",
              "no": "norsk definitin22",
            },
          },
          "harvest": Object {
            "firstHarvested": "2018-11-12T08:13:43.588+0000",
            "lastHarvested": "2018-11-12T08:13:43.588+0000",
          },
          "harvestSourceUri": "testharvestsourceuri22",
          "id": "22",
          "prefLabel": Object {
            "en": "engelsk preflabel22",
            "no": "norsk preflabel22",
          },
          "publisher": Object {
            "orgPath": "/ba/be/bi/22",
            "prefLabel": Object {
              "en": "engelsk pub preflabel22",
              "no": "norsk pub preflabel22",
            },
          },
          "uri": "testuri22",
        },
      }
    }
  />
</Router>
`;

exports[`should render ConceptComparePage correctly with no apiItem 1`] = `
<Router
  history={
    Object {
      "action": "POP",
      "block": [Function],
      "canGo": [Function],
      "createHref": [Function],
      "entries": Array [
        Object {
          "hash": "",
          "key": "r15hoy",
          "pathname": "/",
          "search": "",
          "state": undefined,
        },
      ],
      "go": [Function],
      "goBack": [Function],
      "goForward": [Function],
      "index": 0,
      "length": 1,
      "listen": [Function],
      "location": Object {
        "hash": "",
        "key": "r15hoy",
        "pathname": "/",
        "search": "",
        "state": undefined,
      },
      "push": [Function],
      "replace": [Function],
    }
  }
>
  <ConceptComparePage />
</Router>
`;
