// Jest Snapshot v1, https://goo.gl/fbAQLP

exports[`SearchHit component should render with properties 1`] = `
<styled.article>
  <SearchHitHead
    id="123"
    isAuthoritative={false}
    title={
      Object {
        "nb": "Test datasett",
      }
    }
    type={0}
  />
  <styled.div>
    <Styled(s)
      href="/organizations/9999"
    >
      <span>
        Owner: 
         
      </span>
      <span>
        Test direktorat
      </span>
    </Styled(s)>
    <Memo(LanguageIndicator)
      textLanguage={
        Object {
          "nb": "Test datasett",
        }
      }
    />
  </styled.div>
  <TruncatedText
    lineHeight={20}
    visibleLines={4}
  >
    <Component>
      Test datasett beskrivelse
    </Component>
  </TruncatedText>
</styled.article>
`;
