// Jest Snapshot v1, https://goo.gl/fbAQLP

exports[`should render PublishersSelect correctly with props 1`] = `
<div
  className="section fdk-report-search-publishers"
>
  <div
    className="fdk-report-search-publishers__header mb-2"
  >
    Choose publisher
  </div>
  <ForwardRef
    aria-label="Search publisher..."
    getOptionLabel={[Function]}
    getOptionValue={[Function]}
    options={Array []}
    placeholder="Search publisher..."
    theme={[Function]}
    value={
      Object {
        "orgPath": "STAT",
      }
    }
  />
</div>
`;
