// Jest Snapshot v1, https://goo.gl/fbAQLP

exports[`InfoModelStructure component should render with missing information model properties 1`] = `
<styled.div>
  <styled.h2 />
</styled.div>
`;

exports[`InfoModelStructure component should render with props 1`] = `
<styled.div>
  <styled.h2>
    Oppgave over pass og stell av barn
  </styled.h2>
  <styled.div>
    <styled.h3>
      Object type
    </styled.h3>
    <Styled(Component)
      id="111111"
      key="111111"
    >
      <Memo(ExpansionPanelHead) />
      <Memo(ExpansionPanelBody)>
        <Memo(ModelElementListPure)
          title="Attribute"
        />
        <Memo(ModelElementListPure)
          title="Role"
        />
      </Memo(ExpansionPanelBody)>
    </Styled(Component)>
    <Styled(Component)
      id="111111"
      key="111111"
    >
      <Memo(ExpansionPanelHead) />
      <Memo(ExpansionPanelBody)>
        <Memo(ModelElementListPure)
          title="Attribute"
        />
        <Memo(ModelElementListPure)
          title="Role"
        />
      </Memo(ExpansionPanelBody)>
    </Styled(Component)>
  </styled.div>
  <styled.div>
    <styled.h3>
      Codelist
    </styled.h3>
    <Styled(Component)
      id="id-codetype"
      key="id-codetype"
    >
      <Memo(ExpansionPanelHead) />
      <Memo(ExpansionPanelBody)>
        <Memo(ModelElementListPure)
          title="Attribute"
        />
        <Memo(ModelElementListPure)
          title="Role"
        />
      </Memo(ExpansionPanelBody)>
    </Styled(Component)>
  </styled.div>
  <styled.div>
    <styled.h3>
      Data type
    </styled.h3>
    <Styled(Component)
      id="id-datatype"
      key="id-datatype"
    >
      <Memo(ExpansionPanelHead) />
      <Memo(ExpansionPanelBody)>
        <Memo(ModelElementListPure)
          title="Attribute"
        />
        <Memo(ModelElementListPure)
          title="Role"
        />
      </Memo(ExpansionPanelBody)>
    </Styled(Component)>
  </styled.div>
  <styled.div>
    <styled.h3>
      Simple type
    </styled.h3>
    <Styled(Component)
      id="id-simpletype"
      key="id-simpletype"
    >
      <Memo(ExpansionPanelHead) />
      <Memo(ExpansionPanelBody)>
        <Memo(ModelElementListPure)
          title="Attribute"
        />
        <Memo(ModelElementListPure)
          title="Role"
        />
      </Memo(ExpansionPanelBody)>
    </Styled(Component)>
  </styled.div>
</styled.div>
`;
