// Jest Snapshot v1, https://goo.gl/fbAQLP

exports[`InfoModelStructure component should render with missing information model properties 1`] = `
<styled.div>
  <styled.h2 />
</styled.div>
`;

exports[`InfoModelStructure component should render with props 1`] = `
<styled.div>
  <styled.h2>
    Oppgave over pass og stell av barn
  </styled.h2>
  <styled.div>
    <Styled(Component)
      expansionIndicator={
        Object {
          "collapse": <Memo(ExpansionIndicatorDetailsPure)
            isExpanded={true}
          />,
          "expand": <Memo(ExpansionIndicatorDetailsPure) />,
        }
      }
      shouldExpandOnHeadClick={false}
      showWithoutHeadAndPadding={true}
    >
      <Memo(ExpansionPanelBody)>
        <Component
          modelDescription={
            Object {
              "belongsToModule": "inntekt",
              "concept": Object {
                "anbefaltTerm": Object {
                  "nb": "Anbefalt term",
                },
                "conceptReference": "https://conceptreference.com",
                "definition": Object {
                  "nb": "Definisjon",
                },
                "publisher": Object {
                  "id": "974760673",
                  "name": "REGISTERENHETEN I BRØNNØYSUND",
                  "orgPath": "/STAT/912660680/974760673",
                  "prefLabel": Object {
                    "nb": "Brønnøysundregistrene",
                  },
                  "uri": "http://data.brreg.no/enhetsregisteret/enhet/974760673",
                },
              },
              "description": Object {
                "nb": "Testmodell som demonstrator for utvekslingsmodell",
              },
              "identifier": "identifier",
              "name": Object {
                "nb": "OppgavePassOgStellAvBarn",
              },
            }
          }
        />
      </Memo(ExpansionPanelBody)>
    </Styled(Component)>
  </styled.div>
  <styled.div>
    <styled.h3>
      Root object type
    </styled.h3>
    <Styled(Component)
      id="111111"
    >
      <Memo(ExpansionPanelHead)>
        Leveranse
      </Memo(ExpansionPanelHead)>
    </Styled(Component)>
  </styled.div>
  <styled.div>
    <styled.h3>
      Object type
    </styled.h3>
    <Styled(Component)
      id="111111"
      key="111111"
    >
      <Memo(ExpansionPanelHead)>
        Leveranse
      </Memo(ExpansionPanelHead)>
    </Styled(Component)>
    <Styled(Component)
      id="111111"
      key="111111"
    >
      <Memo(ExpansionPanelHead)>
        Leveranse
      </Memo(ExpansionPanelHead)>
    </Styled(Component)>
  </styled.div>
  <styled.div>
    <styled.h3>
      Codelist
    </styled.h3>
    <Styled(Component)
      id="id-codetype"
      key="id-codetype"
    >
      <Memo(ExpansionPanelHead)>
        Leveranse
      </Memo(ExpansionPanelHead)>
    </Styled(Component)>
  </styled.div>
  <styled.div>
    <styled.h3>
      Data type
    </styled.h3>
    <Styled(Component)
      id="id-datatype"
      key="id-datatype"
    >
      <Memo(ExpansionPanelHead)>
        Leveranse
      </Memo(ExpansionPanelHead)>
    </Styled(Component)>
  </styled.div>
  <styled.div>
    <styled.h3>
      Simple type
    </styled.h3>
    <Styled(Component)
      id="id-simpletype"
      key="id-simpletype"
    >
      <Memo(ExpansionPanelHead)>
        Leveranse
      </Memo(ExpansionPanelHead)>
    </Styled(Component)>
  </styled.div>
</styled.div>
`;
