// Jest Snapshot v1, https://goo.gl/fbAQLP

exports[`should render App correctly 1`] = `
<div
  className="theme-fdk"
>
  <div>
    <a
      aria-hidden="true"
      className="uu-invisible"
      href="/#content"
      id="focus-element"
    >
      Hopp til hovedinnhold
    </a>
  </div>
  <div
    id="skip-link-wrap"
  >
    <a
      href="/#content"
      id="skip-link"
    >
      Hopp til hovedinnhold
    </a>
  </div>
  <Connect(AppNavBar) />
  <withRouter() />
  <Switch>
    <Route
      component={[Function]}
      exact={true}
      path="/"
    />
    <Route
      component={[Function]}
      exact={true}
      path="/search-all"
    />
    <Route
      component={[Function]}
      exact={true}
      path="/datasets"
    />
    <Route
      component={[Function]}
      exact={true}
      path="/apis"
    />
    <Route
      component={[Function]}
      exact={true}
      path="/concepts"
    />
    <Route
      component={[Function]}
      exact={true}
      path="/informationmodels"
    />
    <Route
      component={[Function]}
      exact={true}
      path="/news-archive"
    />
    <Route
      component={[Function]}
      exact={true}
      path="/organizations"
    />
    <withRouter(ScrollToTop)>
      <Switch>
        <Route
          component={[Function]}
          exact={true}
          path="/informationmodels/:id"
        />
        <Route
          component={[Function]}
          exact={true}
          path="/concepts/compare"
        />
        <Route
          component={[Function]}
          exact={true}
          path="/concepts/:id"
        />
        <Route
          component={
            Object {
              "$$typeof": Symbol(react.memo),
              "compare": null,
              "type": [Function],
            }
          }
          exact={true}
          path="/datasets/:datasetId"
        />
        <Route
          component={[Function]}
          exact={true}
          path="/apis/:id"
        />
        <Route
          component={[Function]}
          exact={true}
          path="/news/:id"
        />
        <Route
          component={[Function]}
          exact={true}
          path="/reports"
        />
        <Route
          component={[Function]}
          exact={true}
          path="/about"
        />
        <Route
          component={[Function]}
          exact={true}
          path="/about-registration"
        />
        <Route
          component={[Function]}
          exact={true}
          path="/guidance"
        />
      </Switch>
    </withRouter(ScrollToTop)>
  </Switch>
  <Footer />
</div>
`;
