// Jest Snapshot v1, https://goo.gl/fbAQLP

exports[`should render App correctly 1`] = `
<div
  className="position-relative overflow-hidden theme-fdk"
>
  <div>
    <a
      aria-hidden="true"
      className="uu-invisible"
      href="/#content"
      id="focus-element"
    >
      Hopp til hovedinnhold
    </a>
  </div>
  <div
    id="skip-link-wrap"
  >
    <a
      href="/#content"
      id="skip-link"
    >
      Hopp til hovedinnhold
    </a>
  </div>
  <Component
    onChangeLanguage={[Function]}
  />
  <Component />
  <Switch>
    <Redirect
      from="/:url*(/+)"
      to=""
    />
    <Route
      exact={true}
      path="/"
    >
      <NewsResolver />
    </Route>
    <Route
      component={[Function]}
      exact={true}
      path="/search-all"
    />
    <Route
      component={[Function]}
      exact={true}
      path="/datasets"
    />
    <Route
      component={[Function]}
      exact={true}
      path="/dataservices"
    />
    <Route
      component={[Function]}
      exact={true}
      path="/concepts"
    />
    <Route
      component={[Function]}
      exact={true}
      path="/informationmodels"
    />
    <Route
      component={[Function]}
      exact={true}
      path="/public-services"
    />
    <Route
      component={[Function]}
      exact={true}
      path="/news-archive"
    />
    <Route
      component={
        Object {
          "$$typeof": Symbol(react.memo),
          "compare": null,
          "type": [Function],
        }
      }
      path="/organizations"
    />
    <withRouter(ScrollToTop)>
      <Switch>
        <Route
          component={
            Object {
              "$$typeof": Symbol(react.memo),
              "WrappedComponent": [Function],
              "compare": null,
              "displayName": "Connect(ConceptComparePage)",
              "type": [Function],
            }
          }
          exact={true}
          path="/concepts/compare"
        />
        <Route
          component={
            Object {
              "$$typeof": Symbol(react.memo),
              "compare": null,
              "type": Object {
                "$$typeof": Symbol(react.memo),
                "WrappedComponent": Object {
                  "$$typeof": Symbol(react.memo),
                  "compare": null,
                  "type": [Function],
                },
                "compare": null,
                "displayName": "Connect(Component)",
                "type": [Function],
              },
            }
          }
          exact={true}
          path="/datasets/:datasetId"
        />
        <Route
          component={
            Object {
              "$$typeof": Symbol(react.memo),
              "compare": null,
              "type": Object {
                "$$typeof": Symbol(react.memo),
                "compare": null,
                "type": Object {
                  "$$typeof": Symbol(react.memo),
                  "WrappedComponent": [Function],
                  "compare": null,
                  "displayName": "Connect(WrappedComponent)",
                  "type": [Function],
                },
              },
            }
          }
          exact={true}
          path="/concepts/:conceptId"
        />
        <Route
          component={
            Object {
              "$$typeof": Symbol(react.memo),
              "compare": null,
              "type": Object {
                "$$typeof": Symbol(react.memo),
                "compare": null,
                "type": Object {
                  "$$typeof": Symbol(react.memo),
                  "WrappedComponent": [Function],
                  "compare": null,
                  "displayName": "Connect(WrappedComponent)",
                  "type": [Function],
                },
              },
            }
          }
          exact={true}
          path="/informationmodels/:informationModelId"
        />
        <Route
          component={
            Object {
              "$$typeof": Symbol(react.memo),
              "compare": null,
              "type": Object {
                "$$typeof": Symbol(react.memo),
                "compare": null,
                "type": Object {
                  "$$typeof": Symbol(react.memo),
                  "WrappedComponent": [Function],
                  "compare": null,
                  "displayName": "Connect(WrappedComponent)",
                  "type": [Function],
                },
              },
            }
          }
          exact={true}
          path="/dataservices/:dataServiceId"
        />
        <Route
          component={
            Object {
              "$$typeof": Symbol(react.memo),
              "compare": null,
              "type": Object {
                "$$typeof": Symbol(react.memo),
                "WrappedComponent": Object {
                  "$$typeof": Symbol(react.memo),
                  "compare": null,
                  "type": [Function],
                },
                "compare": null,
                "displayName": "Connect(Component)",
                "type": [Function],
              },
            }
          }
          exact={true}
          path="/public-services/:publicServiceId"
        />
        <Route
          component={
            Object {
              "$$typeof": Symbol(react.memo),
              "compare": null,
              "type": Object {
                "$$typeof": Symbol(react.memo),
                "compare": null,
                "type": Object {
                  "$$typeof": Symbol(react.memo),
                  "WrappedComponent": [Function],
                  "compare": null,
                  "displayName": "Connect(WrappedComponent)",
                  "type": [Function],
                },
              },
            }
          }
          exact={true}
          path="/events/:eventId"
        />
        <Route
          component={[Function]}
          exact={true}
          path="/news/:id"
        />
        <Route
          component={
            Object {
              "$$typeof": Symbol(react.memo),
              "WrappedComponent": [Function],
              "compare": null,
              "displayName": "Connect(DatasetsReportDatasetsTimeSeriesDataServicesReportDataServicesTimeSeriesConceptsReportConceptsTimeSeriesInformationModelsReportInformationModelsTimeSeriesResolver)",
              "type": [Function],
            }
          }
          exact={true}
          path="/reports"
        />
        <Route
          component={[Function]}
          exact={true}
          path="/about"
        />
        <Route
          component={[Function]}
          exact={true}
          path="/about-registration"
        />
        <Route
          component={[Function]}
          exact={true}
          path="/guidance"
        />
        <Route
          component={[Function]}
          exact={true}
          path="/guidance/metadata"
        />
      </Switch>
    </withRouter(ScrollToTop)>
  </Switch>
  <w />
</div>
`;
