// Jest Snapshot v1, https://goo.gl/fbAQLP

exports[`Footer component must render correct structure 1`] = `
<styled.footer>
  <div
    className="container"
  >
    <styled.div
      className="row"
    >
      <styled.div>
        <styled.div>
          Search catalogs
        </styled.div>
        <styled.ul>
          <styled.li
            key="link-Search all catalogs-/search-all"
          >
            <Link
              to="/search-all"
            >
              Search all catalogs
            </Link>
          </styled.li>
          <styled.li
            key="link-Search among datasets-/datasets"
          >
            <Link
              to="/datasets"
            >
              Search among datasets
            </Link>
          </styled.li>
          <styled.li
            key="link-Search among APIs-/apis"
          >
            <Link
              to="/apis"
            >
              Search among APIs
            </Link>
          </styled.li>
          <styled.li
            key="link-Search among concepts-/concepts"
          >
            <Link
              to="/concepts"
            >
              Search among concepts
            </Link>
          </styled.li>
          <styled.li
            key="link-Search among information models-/informationmodels"
          >
            <Link
              to="/informationmodels"
            >
              Search among information models
            </Link>
          </styled.li>
        </styled.ul>
      </styled.div>
      <styled.div>
        <styled.div>
          About the National Data Catalog
        </styled.div>
        <styled.ul>
          <styled.li
            key="link-Guidance-/guidance"
          >
            <Link
              to="/guidance"
            >
              Guidance
            </Link>
          </styled.li>
          <styled.li
            key="link-Reports-/reports"
          >
            <Link
              to="/reports"
            >
              Reports
            </Link>
          </styled.li>
          <styled.li
            key="link-About the National Data Catalog-/about"
          >
            <Link
              to="/about"
            >
              About the National Data Catalog
            </Link>
          </styled.li>
          <styled.li
            key="link-Register data-/about-registration"
          >
            <Link
              to="/about-registration"
            >
              Register data
            </Link>
          </styled.li>
          <styled.li
            key="link-News-/news-archive"
          >
            <Link
              to="/news-archive"
            >
              News
            </Link>
          </styled.li>
        </styled.ul>
      </styled.div>
      <styled.div>
        <styled.div>
          About site
        </styled.div>
        <span>
          The Norwegian Digitalisation Agency managing the National Data Catalog.
        </span>
        <styled.ul>
          <styled.li
            key="link-Privacy-https://www.digdir.no/om-oss/personvernerklaering/706"
          >
            <a
              href="https://www.digdir.no/om-oss/personvernerklaering/706"
              rel="noopener noreferrer"
              title="Privacy"
            >
              Privacy
            </a>
          </styled.li>
          <styled.li
            key="link-Cookies-https://www.digdir.no/om-oss/personvernerklaering/706"
          >
            <a
              href="https://www.digdir.no/om-oss/personvernerklaering/706"
              rel="noopener noreferrer"
              title="Cookies"
            >
              Cookies
            </a>
          </styled.li>
        </styled.ul>
      </styled.div>
      <styled.div>
        <styled.div>
          Contact
        </styled.div>
        <styled.ul>
          <styled.li>
            <a
              href="mailto:fellesdatakatalog@digdir.no"
            >
              fellesdatakatalog@digdir.no
            </a>
          </styled.li>
          <styled.li>
            <a
              href="https://twitter.com/datakatalogen"
            >
              The National Data Catalog on Twitter
            </a>
          </styled.li>
        </styled.ul>
      </styled.div>
    </styled.div>
  </div>
</styled.footer>
`;
